[]????
In: /home/marian/projects/trefier-backend/data/smglom/algebra/source/bounded-lattice.de.tex
Error: da"s


/home/marian/projects/trefier-backend/data/smglom/arithmetics/source/ceilingfloor.tex
[]


automorphism.en.tex
Missing end{definition}

set.zhs.tex
Stray ]

recursive.de.tex
Stray }
\mtrefi[turing-machine-halts?total}

automorphism-group.de.tex
Stray ]

data/smglom/sets/source/intersection.en.tex
line 11
Math $ wrong

union.en.tex
line 10
Math $ wrong
$\setst{x}{\text{$\inset{x}{\livar{S}i}$ for some $\inset{i}I$}}$.

